2026-08-20 22:49:49 | QUEUE     | job_id="7" job_name="Job Perurey" client_name="PERU REY S.A.C." | Estado cambiado: -> Pending
2026-08-20 22:50:17 | QUEUE     | job_id="6" job_name="Job Pruebas" client_name="Pruebas sac" | Estado cambiado: -> Pending
2026-08-20 23:00:57 | QUEUE     | job_id="6" job_name="Job Pruebas" client_name="Pruebas sac" | Estado cambiado: -> Pending
2026-08-20 23:05:17 | QUEUE     | job_id="6" job_name="Job Pruebas" client_name="Pruebas sac" | Estado cambiado: -> Pending
2026-08-20 23:05:31 | TRANSFER  | job_id="6" file="prueba monitor 003.rar" progress="0%" speed="0MB/s" | Subiendo archivo prueba monitor 003.rar
2026-08-20 23:05:31 | TRANSFER  | job_id="6" file="prueba monitor 003.rar" progress="7.29%" speed="20.01MB/s" | Subiendo archivo prueba monitor 003.rar
2026-08-20 23:05:32 | TRANSFER  | job_id="6" file="prueba monitor 003.rar" progress="19.38%" speed="26.55MB/s" | Subiendo archivo prueba monitor 003.rar
2026-08-20 23:05:32 | TRANSFER  | job_id="6" file="prueba monitor 003.rar" progress="32.97%" speed="30.13MB/s" | Subiendo archivo prueba monitor 003.rar
2026-08-20 23:05:33 | TRANSFER  | job_id="6" file="prueba monitor 003.rar" progress="47.2%" speed="32.36MB/s" | Subiendo archivo prueba monitor 003.rar
2026-08-20 23:05:33 | TRANSFER  | job_id="6" file="prueba monitor 003.rar" progress="61.42%" speed="33.69MB/s" | Subiendo archivo prueba monitor 003.rar
2026-08-20 23:05:34 | TRANSFER  | job_id="6" file="prueba monitor 003.rar" progress="75.06%" speed="34.11MB/s" | Subiendo archivo prueba monitor 003.rar
2026-08-20 23:05:34 | TRANSFER  | job_id="6" file="prueba monitor 003.rar" progress="87.94%" speed="34.29MB/s" | Subiendo archivo prueba monitor 003.rar
2026-08-20 23:05:34 | TRANSFER  | job_id="6" file="prueba monitor 003.rar" progress="100%" speed="34.93MB/s" | Subida completada: prueba monitor 003.rar
2026-08-20 23:05:35 | TRANSFER  | job_id="6" file="prueba monitor 003.rar" progress="100%" speed="34.91MB/s" | Subida completada: prueba monitor 003.rar
2026-08-20 23:19:47 | WORKER    | connection_id="8" connection_name="Cnx Pruebas" client_name="Pruebas sac" jobs="1" queue="0" | Conexión entrante del worker (1 jobs, 0 en cola)
2026-08-20 23:24:47 | WORKER    | connection_id="8" connection_name="Cnx Pruebas" client_name="Pruebas sac" jobs="1" queue="0" | Conexión entrante del worker (1 jobs, 0 en cola)
2026-08-20 23:29:04 | WORKER    | connection_id="8" connection_name="Cnx Pruebas" client_name="Pruebas sac" jobs="1" queue="0" | Conexión entrante del worker (1 jobs, 0 en cola)
2026-08-20 23:29:04 | WORKER    | connection_id="8" connection_name="Cnx Pruebas" client_name="Pruebas sac" jobs="1" queue="0" | Respuesta de registro enviada, cerrando petición del worker
2026-08-20 23:29:20 | WORKER    | connection_id="8" connection_name="Cnx Pruebas" client_name="Pruebas sac" jobs="1" queue="0" | Conexión entrante del worker (1 jobs, 0 en cola)
2026-08-20 23:29:20 | WORKER    | connection_id="8" connection_name="Cnx Pruebas" client_name="Pruebas sac" jobs="1" queue="0" | Respuesta de registro enviada, cerrando petición del worker
2026-08-20 23:30:37 | WORKER    | connection_id="8" connection_name="Cnx Pruebas" client_name="Pruebas sac" jobs="1" queue="0" | Conexión entrante del worker (1 jobs, 0 en cola)
2026-08-20 23:30:37 | WORKER    | connection_id="8" connection_name="Cnx Pruebas" client_name="Pruebas sac" jobs="1" queue="0" | Respuesta de registro enviada, cerrando petición del worker
2026-08-20 23:31:00 | QUEUE     | job_id="6" job_name="Job Pruebas" connection_id="8" connection_name="Cnx Pruebas" client_name="Pruebas sac" | Estado cambiado: -> Pending
2026-08-20 23:31:07 | WORKER    | connection_id="8" connection_name="Cnx Pruebas" client_name="Pruebas sac" jobs="1" queue="1" | Conexión entrante del worker (1 jobs, 1 en cola)
2026-08-20 23:31:07 | WORKER    | connection_id="8" connection_name="Cnx Pruebas" client_name="Pruebas sac" jobs="1" queue="1" | Respuesta de registro enviada, cerrando petición del worker
2026-08-20 23:31:10 | TRANSFER  | job_id="6" job_name="Job Pruebas" connection_id="8" connection_name="Cnx Pruebas" client_name="Pruebas sac" file="prueba monitor 004.rar" progress="0%" speed="0MB/s" | Subiendo archivo prueba monitor 004.rar
2026-08-20 23:31:11 | TRANSFER  | job_id="6" job_name="Job Pruebas" connection_id="8" connection_name="Cnx Pruebas" client_name="Pruebas sac" file="prueba monitor 004.rar" progress="3.78%" speed="12.27MB/s" | Subiendo archivo prueba monitor 004.rar
2026-08-20 23:31:11 | TRANSFER  | job_id="6" job_name="Job Pruebas" connection_id="8" connection_name="Cnx Pruebas" client_name="Pruebas sac" file="prueba monitor 004.rar" progress="3.78%" speed="12.21MB/s" | Subiendo archivo prueba monitor 004.rar
2026-08-20 23:31:11 | TRANSFER  | job_id="6" job_name="Job Pruebas" connection_id="8" connection_name="Cnx Pruebas" client_name="Pruebas sac" file="prueba monitor 004.rar" progress="11.19%" speed="18.27MB/s" | Subiendo archivo prueba monitor 004.rar
2026-08-20 23:31:12 | TRANSFER  | job_id="6" job_name="Job Pruebas" connection_id="8" connection_name="Cnx Pruebas" client_name="Pruebas sac" file="prueba monitor 004.rar" progress="17.65%" speed="19.24MB/s" | Subiendo archivo prueba monitor 004.rar
2026-08-20 23:31:12 | TRANSFER  | job_id="6" job_name="Job Pruebas" connection_id="8" connection_name="Cnx Pruebas" client_name="Pruebas sac" file="prueba monitor 004.rar" progress="24.44%" speed="19.98MB/s" | Subiendo archivo prueba monitor 004.rar
2026-08-20 23:31:13 | TRANSFER  | job_id="6" job_name="Job Pruebas" connection_id="8" connection_name="Cnx Pruebas" client_name="Pruebas sac" file="prueba monitor 004.rar" progress="31.09%" speed="20.34MB/s" | Subiendo archivo prueba monitor 004.rar
2026-08-20 23:31:13 | TRANSFER  | job_id="6" job_name="Job Pruebas" connection_id="8" connection_name="Cnx Pruebas" client_name="Pruebas sac" file="prueba monitor 004.rar" progress="37.91%" speed="20.67MB/s" | Subiendo archivo prueba monitor 004.rar
2026-08-20 23:31:14 | TRANSFER  | job_id="6" job_name="Job Pruebas" connection_id="8" connection_name="Cnx Pruebas" client_name="Pruebas sac" file="prueba monitor 004.rar" progress="44.45%" speed="20.79MB/s" | Subiendo archivo prueba monitor 004.rar
2026-08-20 23:31:14 | TRANSFER  | job_id="6" job_name="Job Pruebas" connection_id="8" connection_name="Cnx Pruebas" client_name="Pruebas sac" file="prueba monitor 004.rar" progress="50.95%" speed="20.85MB/s" | Subiendo archivo prueba monitor 004.rar
2026-08-20 23:31:15 | TRANSFER  | job_id="6" job_name="Job Pruebas" connection_id="8" connection_name="Cnx Pruebas" client_name="Pruebas sac" file="prueba monitor 004.rar" progress="57.85%" speed="21.05MB/s" | Subiendo archivo prueba monitor 004.rar
2026-08-20 23:31:15 | TRANSFER  | job_id="6" job_name="Job Pruebas" connection_id="8" connection_name="Cnx Pruebas" client_name="Pruebas sac" file="prueba monitor 004.rar" progress="64.57%" speed="21.15MB/s" | Subiendo archivo prueba monitor 004.rar
2026-08-20 23:31:16 | TRANSFER  | job_id="6" job_name="Job Pruebas" connection_id="8" connection_name="Cnx Pruebas" client_name="Pruebas sac" file="prueba monitor 004.rar" progress="71.49%" speed="21.28MB/s" | Subiendo archivo prueba monitor 004.rar
2026-08-20 23:31:16 | TRANSFER  | job_id="6" job_name="Job Pruebas" connection_id="8" connection_name="Cnx Pruebas" client_name="Pruebas sac" file="prueba monitor 004.rar" progress="78.54%" speed="21.43MB/s" | Subiendo archivo prueba monitor 004.rar
2026-08-20 23:31:17 | TRANSFER  | job_id="6" job_name="Job Pruebas" connection_id="8" connection_name="Cnx Pruebas" client_name="Pruebas sac" file="prueba monitor 004.rar" progress="85.1%" speed="21.44MB/s" | Subiendo archivo prueba monitor 004.rar
2026-08-20 23:31:17 | TRANSFER  | job_id="6" job_name="Job Pruebas" connection_id="8" connection_name="Cnx Pruebas" client_name="Pruebas sac" file="prueba monitor 004.rar" progress="91.96%" speed="21.51MB/s" | Subiendo archivo prueba monitor 004.rar
2026-08-20 23:31:18 | TRANSFER  | job_id="6" job_name="Job Pruebas" connection_id="8" connection_name="Cnx Pruebas" client_name="Pruebas sac" file="prueba monitor 004.rar" progress="98.82%" speed="21.57MB/s" | Subiendo archivo prueba monitor 004.rar
2026-08-20 23:31:18 | TRANSFER  | job_id="6" job_name="Job Pruebas" connection_id="8" connection_name="Cnx Pruebas" client_name="Pruebas sac" file="prueba monitor 004.rar" progress="100%" speed="21.61MB/s" | Subida completada: prueba monitor 004.rar
2026-08-20 23:31:18 | TRANSFER  | job_id="6" job_name="Job Pruebas" connection_id="8" connection_name="Cnx Pruebas" client_name="Pruebas sac" file="prueba monitor 004.rar" progress="100%" speed="21.6MB/s" | Subida completada: prueba monitor 004.rar
2026-08-20 23:31:19 | QUEUE     | job_id="6" job_name="Job Pruebas" connection_id="8" connection_name="Cnx Pruebas" client_name="Pruebas sac" queue_id="4044" | Estado cambiado: -> Completed
2026-08-20 23:31:19 | WORKER    | job_id="6" job_name="Job Pruebas" connection_id="8" connection_name="Cnx Pruebas" client_name="Pruebas sac" queue_id="4044" files_found="4" files_uploaded="1" files_skipped="3" files_failed="0" duration_seconds="10" status="Correcto" | Worker finalizó la petición (estado: Correcto)
2026-08-20 23:36:19 | WORKER    | connection_id="8" connection_name="Cnx Pruebas" client_name="Pruebas sac" jobs="1" queue="0" | Conexión entrante del worker (1 jobs, 0 en cola)
2026-08-20 23:36:19 | WORKER    | connection_id="8" connection_name="Cnx Pruebas" client_name="Pruebas sac" jobs="1" queue="0" | Respuesta de registro enviada, cerrando petición del worker
2026-08-20 23:38:02 | WORKER    | client_name="Pruebas sac" connection_id="8" connection_name="Cnx Pruebas" jobs="1" queue="0" | Conexión entrante del worker (1 jobs, 0 en cola)
2026-08-20 23:38:02 | WORKER    | client_name="Pruebas sac" connection_id="8" connection_name="Cnx Pruebas" jobs="1" queue="0" | Respuesta de registro enviada, cerrando petición del worker
2026-08-20 23:38:12 | WORKER    | client_name="Pruebas sac" connection_id="8" connection_name="Cnx Pruebas" jobs="1" queue="0" | Conexión entrante del worker (1 jobs, 0 en cola)
2026-08-20 23:38:12 | WORKER    | client_name="Pruebas sac" connection_id="8" connection_name="Cnx Pruebas" jobs="1" queue="0" | Respuesta de registro enviada, cerrando petición del worker
2026-08-20 23:39:40 | QUEUE     | client_name="Pruebas sac" connection_id="8" connection_name="Cnx Pruebas" job_id="6" job_name="Job Pruebas" | Estado cambiado: -> Pending
2026-08-20 23:39:50 | WORKER    | client_name="Pruebas sac" connection_id="8" connection_name="Cnx Pruebas" jobs="1" queue="1" | Conexión entrante del worker (1 jobs, 1 en cola)
2026-08-20 23:39:50 | WORKER    | client_name="Pruebas sac" connection_id="8" connection_name="Cnx Pruebas" jobs="1" queue="1" | Respuesta de registro enviada, cerrando petición del worker
2026-08-20 23:39:56 | TRANSFER  | client_name="Pruebas sac" connection_id="8" connection_name="Cnx Pruebas" job_id="6" job_name="Job Pruebas" file="prueba monitor 005.rar" progress="0%" speed="0MB/s" | Subiendo archivo prueba monitor 005.rar
2026-08-20 23:39:57 | TRANSFER  | client_name="Pruebas sac" connection_id="8" connection_name="Cnx Pruebas" job_id="6" job_name="Job Pruebas" file="prueba monitor 005.rar" progress="2.99%" speed="13.17MB/s" | Subiendo archivo prueba monitor 005.rar
2026-08-20 23:39:57 | TRANSFER  | client_name="Pruebas sac" connection_id="8" connection_name="Cnx Pruebas" job_id="6" job_name="Job Pruebas" file="prueba monitor 005.rar" progress="11.11%" speed="24.49MB/s" | Subiendo archivo prueba monitor 005.rar
2026-08-20 23:39:57 | TRANSFER  | client_name="Pruebas sac" connection_id="8" connection_name="Cnx Pruebas" job_id="6" job_name="Job Pruebas" file="prueba monitor 005.rar" progress="18.01%" speed="26.48MB/s" | Subiendo archivo prueba monitor 005.rar
2026-08-20 23:39:58 | TRANSFER  | client_name="Pruebas sac" connection_id="8" connection_name="Cnx Pruebas" job_id="6" job_name="Job Pruebas" file="prueba monitor 005.rar" progress="24.69%" speed="27.23MB/s" | Subiendo archivo prueba monitor 005.rar
2026-08-20 23:39:59 | TRANSFER  | client_name="Pruebas sac" connection_id="8" connection_name="Cnx Pruebas" job_id="6" job_name="Job Pruebas" file="prueba monitor 005.rar" progress="30.43%" speed="26.54MB/s" | Subiendo archivo prueba monitor 005.rar
2026-08-20 23:39:59 | TRANSFER  | client_name="Pruebas sac" connection_id="8" connection_name="Cnx Pruebas" job_id="6" job_name="Job Pruebas" file="prueba monitor 005.rar" progress="38.77%" speed="28.22MB/s" | Subiendo archivo prueba monitor 005.rar
2026-08-20 23:39:59 | TRANSFER  | client_name="Pruebas sac" connection_id="8" connection_name="Cnx Pruebas" job_id="6" job_name="Job Pruebas" file="prueba monitor 005.rar" progress="47.78%" speed="29.85MB/s" | Subiendo archivo prueba monitor 005.rar
2026-08-20 23:40:00 | TRANSFER  | client_name="Pruebas sac" connection_id="8" connection_name="Cnx Pruebas" job_id="6" job_name="Job Pruebas" file="prueba monitor 005.rar" progress="54.77%" speed="29.84MB/s" | Subiendo archivo prueba monitor 005.rar
2026-08-20 23:40:01 | TRANSFER  | client_name="Pruebas sac" connection_id="8" connection_name="Cnx Pruebas" job_id="6" job_name="Job Pruebas" file="prueba monitor 005.rar" progress="63.09%" speed="30.59MB/s" | Subiendo archivo prueba monitor 005.rar
2026-08-20 23:40:01 | TRANSFER  | client_name="Pruebas sac" connection_id="8" connection_name="Cnx Pruebas" job_id="6" job_name="Job Pruebas" file="prueba monitor 005.rar" progress="71.31%" speed="31.15MB/s" | Subiendo archivo prueba monitor 005.rar
2026-08-20 23:40:01 | TRANSFER  | client_name="Pruebas sac" connection_id="8" connection_name="Cnx Pruebas" job_id="6" job_name="Job Pruebas" file="prueba monitor 005.rar" progress="79.73%" speed="31.69MB/s" | Subiendo archivo prueba monitor 005.rar
2026-08-20 23:40:02 | TRANSFER  | client_name="Pruebas sac" connection_id="8" connection_name="Cnx Pruebas" job_id="6" job_name="Job Pruebas" file="prueba monitor 005.rar" progress="87.44%" speed="31.87MB/s" | Subiendo archivo prueba monitor 005.rar
2026-08-20 23:40:03 | TRANSFER  | client_name="Pruebas sac" connection_id="8" connection_name="Cnx Pruebas" job_id="6" job_name="Job Pruebas" file="prueba monitor 005.rar" progress="95.15%" speed="32.03MB/s" | Subiendo archivo prueba monitor 005.rar
2026-08-20 23:40:03 | TRANSFER  | client_name="Pruebas sac" connection_id="8" connection_name="Cnx Pruebas" job_id="6" job_name="Job Pruebas" file="prueba monitor 005.rar" progress="100%" speed="32.42MB/s" | Subida completada: prueba monitor 005.rar
2026-08-20 23:40:03 | TRANSFER  | client_name="Pruebas sac" connection_id="8" connection_name="Cnx Pruebas" job_id="6" job_name="Job Pruebas" file="prueba monitor 005.rar" progress="100%" speed="32.41MB/s" | Subida completada: prueba monitor 005.rar
2026-08-20 23:40:03 | QUEUE     | client_name="Pruebas sac" connection_id="8" connection_name="Cnx Pruebas" job_id="6" job_name="Job Pruebas" queue_id="4045" | Estado cambiado: -> Completed
2026-08-20 23:40:03 | WORKER    | client_name="Pruebas sac" connection_id="8" connection_name="Cnx Pruebas" job_id="6" job_name="Job Pruebas" queue_id="4045" files_found="5" files_uploaded="1" files_skipped="4" files_failed="0" duration_seconds="12" status="Correcto" | Worker finalizó la petición (estado: Correcto)
2026-08-20 23:41:02 | WORKER    | client_name="Pruebas sac" connection_id="8" connection_name="Cnx Pruebas" jobs="1" queue="0" | Conexión entrante del worker (1 jobs, 0 en cola)
2026-08-20 23:41:02 | WORKER    | client_name="Pruebas sac" connection_id="8" connection_name="Cnx Pruebas" jobs="1" queue="0" | Respuesta de registro enviada, cerrando petición del worker
