2026-08-21 00:06:26 | WORKER    | client_name="Pruebas sac" connection_id="8" connection_name="Cnx Pruebas" jobs="1" queue="0" | Conexión entrante del worker (1 jobs, 0 en cola)
2026-08-21 00:06:26 | WORKER    | client_name="Pruebas sac" connection_id="8" connection_name="Cnx Pruebas" jobs="1" queue="0" | Respuesta de registro enviada, cerrando petición del worker
2026-08-21 00:07:06 | WORKER    | client_name="Pruebas sac" connection_id="8" connection_name="Cnx Pruebas" jobs="1" queue="0" | Conexión entrante del worker (1 jobs, 0 en cola)
2026-08-21 00:07:06 | WORKER    | client_name="Pruebas sac" connection_id="8" connection_name="Cnx Pruebas" jobs="1" queue="0" | Respuesta de registro enviada, cerrando petición del worker
2026-08-21 00:08:04 | WORKER    | client_name="Pruebas sac" connection_id="8" connection_name="Cnx Pruebas" jobs="1" queue="0" | Conexión entrante del worker (1 jobs, 0 en cola)
2026-08-21 00:08:04 | WORKER    | client_name="Pruebas sac" connection_id="8" connection_name="Cnx Pruebas" jobs="1" queue="0" | Respuesta de registro enviada, cerrando petición del worker
2026-08-21 00:08:17 | QUEUE     | client_name="Pruebas sac" connection_id="8" connection_name="Cnx Pruebas" job_id="6" job_name="Job Pruebas" | Estado cambiado: -> Pending
2026-08-21 00:08:25 | WORKER    | client_name="Pruebas sac" connection_id="8" connection_name="Cnx Pruebas" jobs="1" queue="1" | Conexión entrante del worker (1 jobs, 1 en cola)
2026-08-21 00:08:25 | WORKER    | client_name="Pruebas sac" connection_id="8" connection_name="Cnx Pruebas" jobs="1" queue="1" | Respuesta de registro enviada, cerrando petición del worker
2026-08-21 00:08:32 | TRANSFER  | client_name="Pruebas sac" connection_id="8" connection_name="Cnx Pruebas" job_id="6" job_name="Job Pruebas" file="prueba monitor 006.rar" progress="0%" speed="0MB/s" | Subiendo archivo prueba monitor 006.rar
2026-08-21 00:08:33 | TRANSFER  | client_name="Pruebas sac" connection_id="8" connection_name="Cnx Pruebas" job_id="6" job_name="Job Pruebas" file="prueba monitor 006.rar" progress="3.54%" speed="11.6MB/s" | Subiendo archivo prueba monitor 006.rar
2026-08-21 00:08:33 | TRANSFER  | client_name="Pruebas sac" connection_id="8" connection_name="Cnx Pruebas" job_id="6" job_name="Job Pruebas" file="prueba monitor 006.rar" progress="10.22%" speed="16.63MB/s" | Subiendo archivo prueba monitor 006.rar
2026-08-21 00:08:34 | TRANSFER  | client_name="Pruebas sac" connection_id="8" connection_name="Cnx Pruebas" job_id="6" job_name="Job Pruebas" file="prueba monitor 006.rar" progress="21.75%" speed="23.65MB/s" | Subiendo archivo prueba monitor 006.rar
2026-08-21 00:08:34 | TRANSFER  | client_name="Pruebas sac" connection_id="8" connection_name="Cnx Pruebas" job_id="6" job_name="Job Pruebas" file="prueba monitor 006.rar" progress="34.01%" speed="27.77MB/s" | Subiendo archivo prueba monitor 006.rar
2026-08-21 00:08:35 | TRANSFER  | client_name="Pruebas sac" connection_id="8" connection_name="Cnx Pruebas" job_id="6" job_name="Job Pruebas" file="prueba monitor 006.rar" progress="45.32%" speed="29.56MB/s" | Subiendo archivo prueba monitor 006.rar
2026-08-21 00:08:35 | TRANSFER  | client_name="Pruebas sac" connection_id="8" connection_name="Cnx Pruebas" job_id="6" job_name="Job Pruebas" file="prueba monitor 006.rar" progress="57.17%" speed="31.11MB/s" | Subiendo archivo prueba monitor 006.rar
2026-08-21 00:08:36 | TRANSFER  | client_name="Pruebas sac" connection_id="8" connection_name="Cnx Pruebas" job_id="6" job_name="Job Pruebas" file="prueba monitor 006.rar" progress="69.47%" speed="32.42MB/s" | Subiendo archivo prueba monitor 006.rar
2026-08-21 00:08:36 | TRANSFER  | client_name="Pruebas sac" connection_id="8" connection_name="Cnx Pruebas" job_id="6" job_name="Job Pruebas" file="prueba monitor 006.rar" progress="81.38%" speed="33.25MB/s" | Subiendo archivo prueba monitor 006.rar
2026-08-21 00:08:37 | TRANSFER  | client_name="Pruebas sac" connection_id="8" connection_name="Cnx Pruebas" job_id="6" job_name="Job Pruebas" file="prueba monitor 006.rar" progress="92.12%" speed="33.47MB/s" | Subiendo archivo prueba monitor 006.rar
2026-08-21 00:08:37 | TRANSFER  | client_name="Pruebas sac" connection_id="8" connection_name="Cnx Pruebas" job_id="6" job_name="Job Pruebas" file="prueba monitor 006.rar" progress="100%" speed="33.83MB/s" | Subida completada: prueba monitor 006.rar
2026-08-21 00:08:37 | TRANSFER  | client_name="Pruebas sac" connection_id="8" connection_name="Cnx Pruebas" job_id="6" job_name="Job Pruebas" file="prueba monitor 006.rar" progress="100%" speed="33.81MB/s" | Subida completada: prueba monitor 006.rar
2026-08-21 00:08:38 | TRANSFER  | client_name="Pruebas sac" connection_id="8" connection_name="Cnx Pruebas" job_id="6" job_name="Job Pruebas" file="prueba monitor 008.rar" progress="0%" speed="0MB/s" | Subiendo archivo prueba monitor 008.rar
2026-08-21 00:08:38 | TRANSFER  | client_name="Pruebas sac" connection_id="8" connection_name="Cnx Pruebas" job_id="6" job_name="Job Pruebas" file="prueba monitor 008.rar" progress="2.17%" speed="17.76MB/s" | Subiendo archivo prueba monitor 008.rar
2026-08-21 00:08:39 | TRANSFER  | client_name="Pruebas sac" connection_id="8" connection_name="Cnx Pruebas" job_id="6" job_name="Job Pruebas" file="prueba monitor 008.rar" progress="5.47%" speed="22.42MB/s" | Subiendo archivo prueba monitor 008.rar
2026-08-21 00:08:39 | TRANSFER  | client_name="Pruebas sac" connection_id="8" connection_name="Cnx Pruebas" job_id="6" job_name="Job Pruebas" file="prueba monitor 008.rar" progress="9.72%" speed="26.59MB/s" | Subiendo archivo prueba monitor 008.rar
2026-08-21 00:08:40 | TRANSFER  | client_name="Pruebas sac" connection_id="8" connection_name="Cnx Pruebas" job_id="6" job_name="Job Pruebas" file="prueba monitor 008.rar" progress="13.78%" speed="28.12MB/s" | Subiendo archivo prueba monitor 008.rar
2026-08-21 00:08:40 | TRANSFER  | client_name="Pruebas sac" connection_id="8" connection_name="Cnx Pruebas" job_id="6" job_name="Job Pruebas" file="prueba monitor 008.rar" progress="17.23%" speed="28.14MB/s" | Subiendo archivo prueba monitor 008.rar
2026-08-21 00:08:41 | TRANSFER  | client_name="Pruebas sac" connection_id="8" connection_name="Cnx Pruebas" job_id="6" job_name="Job Pruebas" file="prueba monitor 008.rar" progress="21.73%" speed="29.62MB/s" | Subiendo archivo prueba monitor 008.rar
2026-08-21 00:08:41 | TRANSFER  | client_name="Pruebas sac" connection_id="8" connection_name="Cnx Pruebas" job_id="6" job_name="Job Pruebas" file="prueba monitor 008.rar" progress="25.85%" speed="30.22MB/s" | Subiendo archivo prueba monitor 008.rar
2026-08-21 00:08:42 | TRANSFER  | client_name="Pruebas sac" connection_id="8" connection_name="Cnx Pruebas" job_id="6" job_name="Job Pruebas" file="prueba monitor 008.rar" progress="30.03%" speed="30.74MB/s" | Subiendo archivo prueba monitor 008.rar
2026-08-21 00:08:42 | TRANSFER  | client_name="Pruebas sac" connection_id="8" connection_name="Cnx Pruebas" job_id="6" job_name="Job Pruebas" file="prueba monitor 008.rar" progress="34.3%" speed="31.22MB/s" | Subiendo archivo prueba monitor 008.rar
2026-08-21 00:08:43 | TRANSFER  | client_name="Pruebas sac" connection_id="8" connection_name="Cnx Pruebas" job_id="6" job_name="Job Pruebas" file="prueba monitor 008.rar" progress="38.68%" speed="31.69MB/s" | Subiendo archivo prueba monitor 008.rar
2026-08-21 00:08:43 | TRANSFER  | client_name="Pruebas sac" connection_id="8" connection_name="Cnx Pruebas" job_id="6" job_name="Job Pruebas" file="prueba monitor 008.rar" progress="42.85%" speed="31.93MB/s" | Subiendo archivo prueba monitor 008.rar
2026-08-21 00:08:44 | TRANSFER  | client_name="Pruebas sac" connection_id="8" connection_name="Cnx Pruebas" job_id="6" job_name="Job Pruebas" file="prueba monitor 008.rar" progress="47.06%" speed="32.13MB/s" | Subiendo archivo prueba monitor 008.rar
2026-08-21 00:08:44 | TRANSFER  | client_name="Pruebas sac" connection_id="8" connection_name="Cnx Pruebas" job_id="6" job_name="Job Pruebas" file="prueba monitor 008.rar" progress="51.27%" speed="32.32MB/s" | Subiendo archivo prueba monitor 008.rar
2026-08-21 00:08:45 | TRANSFER  | client_name="Pruebas sac" connection_id="8" connection_name="Cnx Pruebas" job_id="6" job_name="Job Pruebas" file="prueba monitor 008.rar" progress="55.56%" speed="32.52MB/s" | Subiendo archivo prueba monitor 008.rar
2026-08-21 00:08:45 | TRANSFER  | client_name="Pruebas sac" connection_id="8" connection_name="Cnx Pruebas" job_id="6" job_name="Job Pruebas" file="prueba monitor 008.rar" progress="59.5%" speed="32.49MB/s" | Subiendo archivo prueba monitor 008.rar
2026-08-21 00:08:46 | TRANSFER  | client_name="Pruebas sac" connection_id="8" connection_name="Cnx Pruebas" job_id="6" job_name="Job Pruebas" file="prueba monitor 008.rar" progress="63.9%" speed="32.72MB/s" | Subiendo archivo prueba monitor 008.rar
2026-08-21 00:08:46 | TRANSFER  | client_name="Pruebas sac" connection_id="8" connection_name="Cnx Pruebas" job_id="6" job_name="Job Pruebas" file="prueba monitor 008.rar" progress="68.21%" speed="32.88MB/s" | Subiendo archivo prueba monitor 008.rar
2026-08-21 00:08:47 | TRANSFER  | client_name="Pruebas sac" connection_id="8" connection_name="Cnx Pruebas" job_id="6" job_name="Job Pruebas" file="prueba monitor 008.rar" progress="72.67%" speed="33.09MB/s" | Subiendo archivo prueba monitor 008.rar
2026-08-21 00:08:47 | TRANSFER  | client_name="Pruebas sac" connection_id="8" connection_name="Cnx Pruebas" job_id="6" job_name="Job Pruebas" file="prueba monitor 008.rar" progress="76.93%" speed="33.19MB/s" | Subiendo archivo prueba monitor 008.rar
2026-08-21 00:08:48 | TRANSFER  | client_name="Pruebas sac" connection_id="8" connection_name="Cnx Pruebas" job_id="6" job_name="Job Pruebas" file="prueba monitor 008.rar" progress="81.3%" speed="33.32MB/s" | Subiendo archivo prueba monitor 008.rar
2026-08-21 00:08:48 | TRANSFER  | client_name="Pruebas sac" connection_id="8" connection_name="Cnx Pruebas" job_id="6" job_name="Job Pruebas" file="prueba monitor 008.rar" progress="85.63%" speed="33.43MB/s" | Subiendo archivo prueba monitor 008.rar
2026-08-21 00:08:49 | TRANSFER  | client_name="Pruebas sac" connection_id="8" connection_name="Cnx Pruebas" job_id="6" job_name="Job Pruebas" file="prueba monitor 008.rar" progress="89.12%" speed="33.21MB/s" | Subiendo archivo prueba monitor 008.rar
2026-08-21 00:08:49 | TRANSFER  | client_name="Pruebas sac" connection_id="8" connection_name="Cnx Pruebas" job_id="6" job_name="Job Pruebas" file="prueba monitor 008.rar" progress="92.54%" speed="32.98MB/s" | Subiendo archivo prueba monitor 008.rar
2026-08-21 00:08:50 | TRANSFER  | client_name="Pruebas sac" connection_id="8" connection_name="Cnx Pruebas" job_id="6" job_name="Job Pruebas" file="prueba monitor 008.rar" progress="96.8%" speed="33.07MB/s" | Subiendo archivo prueba monitor 008.rar
2026-08-21 00:08:50 | TRANSFER  | client_name="Pruebas sac" connection_id="8" connection_name="Cnx Pruebas" job_id="6" job_name="Job Pruebas" file="prueba monitor 008.rar" progress="100%" speed="33.06MB/s" | Subida completada: prueba monitor 008.rar
2026-08-21 00:08:50 | TRANSFER  | client_name="Pruebas sac" connection_id="8" connection_name="Cnx Pruebas" job_id="6" job_name="Job Pruebas" file="prueba monitor 008.rar" progress="100%" speed="33.05MB/s" | Subida completada: prueba monitor 008.rar
2026-08-21 00:08:51 | QUEUE     | client_name="Pruebas sac" connection_id="8" connection_name="Cnx Pruebas" job_id="6" job_name="Job Pruebas" queue_id="4046" | Estado cambiado: -> Completed
2026-08-21 00:08:51 | WORKER    | client_name="Pruebas sac" connection_id="8" connection_name="Cnx Pruebas" job_id="6" job_name="Job Pruebas" queue_id="4046" files_found="7" files_uploaded="2" files_skipped="5" files_failed="0" duration_seconds="25" status="Correcto" | Worker finalizó la petición (estado: Correcto)
2026-08-21 00:13:35 | WORKER    | client_name="Pruebas sac" connection_id="8" connection_name="Cnx Pruebas" jobs="1" queue="0" | Conexión entrante del worker (1 jobs, 0 en cola)
2026-08-21 00:13:35 | WORKER    | client_name="Pruebas sac" connection_id="8" connection_name="Cnx Pruebas" jobs="1" queue="0" | Respuesta de registro enviada, cerrando petición del worker
2026-08-21 00:13:48 | WORKER    | client_name="Pruebas sac" connection_id="8" connection_name="Cnx Pruebas" jobs="1" queue="0" | Conexión entrante del worker (1 jobs, 0 en cola)
2026-08-21 00:13:48 | WORKER    | client_name="Pruebas sac" connection_id="8" connection_name="Cnx Pruebas" jobs="1" queue="0" | Respuesta de registro enviada, cerrando petición del worker
2026-08-21 00:14:21 | WORKER    | client_name="Pruebas sac" connection_id="8" connection_name="Cnx Pruebas" jobs="1" queue="0" | Conexión entrante del worker (1 jobs, 0 en cola)
2026-08-21 00:14:21 | WORKER    | client_name="Pruebas sac" connection_id="8" connection_name="Cnx Pruebas" jobs="1" queue="0" | Respuesta de registro enviada, cerrando petición del worker
2026-08-21 00:14:59 | WORKER    | client_name="Pruebas sac" connection_id="8" connection_name="Cnx Pruebas" jobs="1" queue="0" | Conexión entrante del worker (1 jobs, 0 en cola)
2026-08-21 00:14:59 | WORKER    | client_name="Pruebas sac" connection_id="8" connection_name="Cnx Pruebas" jobs="1" queue="0" | Respuesta de registro enviada, cerrando petición del worker
2026-08-21 00:15:17 | WORKER    | client_name="Pruebas sac" connection_id="8" connection_name="Cnx Pruebas" jobs="1" queue="0" | Conexión entrante del worker (1 jobs, 0 en cola)
2026-08-21 00:15:17 | WORKER    | client_name="Pruebas sac" connection_id="8" connection_name="Cnx Pruebas" jobs="1" queue="0" | Respuesta de registro enviada, cerrando petición del worker
2026-08-21 00:15:31 | WORKER    | client_name="Pruebas sac" connection_id="8" connection_name="Cnx Pruebas" jobs="1" queue="0" | Conexión entrante del worker (1 jobs, 0 en cola)
2026-08-21 00:15:31 | WORKER    | client_name="Pruebas sac" connection_id="8" connection_name="Cnx Pruebas" jobs="1" queue="0" | Respuesta de registro enviada, cerrando petición del worker
2026-08-21 00:15:38 | WORKER    | client_name="Pruebas sac" connection_id="8" connection_name="Cnx Pruebas" jobs="1" queue="0" | Conexión entrante del worker (1 jobs, 0 en cola)
2026-08-21 00:15:38 | WORKER    | client_name="Pruebas sac" connection_id="8" connection_name="Cnx Pruebas" jobs="1" queue="0" | Respuesta de registro enviada, cerrando petición del worker
2026-08-21 00:16:04 | QUEUE     | client_name="Pruebas sac" connection_id="8" connection_name="Cnx Pruebas" job_id="6" job_name="Job Pruebas" | Estado cambiado: -> Pending
2026-08-21 00:16:50 | WORKER    | client_name="Pruebas sac" connection_id="8" connection_name="Cnx Pruebas" jobs="1" queue="1" | Conexión entrante del worker (1 jobs, 1 en cola)
2026-08-21 00:16:50 | WORKER    | client_name="Pruebas sac" connection_id="8" connection_name="Cnx Pruebas" jobs="1" queue="1" | Respuesta de registro enviada, cerrando petición del worker
2026-08-21 00:16:53 | QUEUE     | client_name="Pruebas sac" connection_id="8" connection_name="Cnx Pruebas" job_id="6" job_name="Job Pruebas" queue_id="4047" | Estado cambiado: -> Completed
2026-08-21 00:16:53 | WORKER    | client_name="Pruebas sac" connection_id="8" connection_name="Cnx Pruebas" job_id="6" job_name="Job Pruebas" queue_id="4047" files_found="7" files_uploaded="0" files_skipped="7" files_failed="0" duration_seconds="2" status="Correcto" | Worker finalizó la petición (estado: Correcto)
2026-08-21 00:17:03 | WORKER    | client_name="Pruebas sac" connection_id="8" connection_name="Cnx Pruebas" jobs="1" queue="0" | Conexión entrante del worker (1 jobs, 0 en cola)
2026-08-21 00:17:03 | WORKER    | client_name="Pruebas sac" connection_id="8" connection_name="Cnx Pruebas" jobs="1" queue="0" | Respuesta de registro enviada, cerrando petición del worker
